package syntax

#secret: {
	[ID=string]: {
		#id: ID
		metadata: {
			name: #id
		}
	}
}
